2026-08-17 13:08:39 INFO  updatePetStepDefinition - updating the pet steps executing using ID
2026-08-17 13:08:39 INFO  updatePetStepDefinition - The pet object is:null
2026-08-17 13:08:39 INFO  PetSteps - starting pet update operaton
2026-08-17 13:08:43 INFO  PetSteps - The response code is :200
2026-08-17 13:08:43 INFO  PetSteps - The update response is:{"id":9223372036854770909,"name":"HelloDoh","photoUrls":[],"tags":[],"status":"pending"}
2026-08-17 13:09:29 INFO  updatePetStepDefinition - updating the pet steps executing using ID
2026-08-17 13:09:29 INFO  updatePetStepDefinition - The pet object is:null
2026-08-17 13:09:29 INFO  PetSteps - starting pet update operaton
2026-08-17 13:09:33 INFO  PetSteps - The response code is :200
2026-08-17 13:09:33 INFO  PetSteps - The update response is:{"id":9223372036854770922,"name":"HelloDoh","photoUrls":[],"tags":[],"status":"pending"}
2026-08-17 13:12:08 INFO  updatePetStepDefinition - updating the pet steps executing using ID
2026-08-17 13:12:08 INFO  updatePetStepDefinition - The pet object is:991234
2026-08-17 13:12:08 INFO  PetSteps - starting pet update operaton
2026-08-17 13:12:12 INFO  PetSteps - The response code is :200
2026-08-17 13:12:12 INFO  PetSteps - The update response is:{"id":991234,"name":"HelloDoh","photoUrls":[],"tags":[],"status":"pending"}
2026-08-17 13:50:51 INFO  updatePetStepDefinition - updating the pet steps executing using ID
2026-08-17 13:50:51 INFO  deletePetStepDefinition - The pet object is:991234
2026-08-17 13:50:51 INFO  PetSteps - starting pet update operaton
2026-08-17 13:50:56 INFO  PetSteps - The response code is :200
2026-08-17 13:50:56 INFO  PetSteps - The update response is:{"id":991234,"name":"HelloDoh","photoUrls":[],"tags":[],"status":"pending"}
2026-08-17 13:50:56 INFO  updatePetStepDefinition - updating the pet steps executing using ID
2026-08-17 13:50:56 INFO  updatePetStepDefinition - The pet object is:991234
2026-08-17 13:50:56 INFO  PetSteps - starting pet update operaton
2026-08-17 13:50:57 INFO  PetSteps - The response code is :200
2026-08-17 13:50:57 INFO  PetSteps - The update response is:{"id":991234,"name":"HelloDoh","photoUrls":[],"tags":[],"status":"pending"}
2026-08-17 13:52:28 INFO  updatePetStepDefinition - updating the pet steps executing using ID
2026-08-17 13:52:29 INFO  deletePetStepDefinition - The pet object is:991234
2026-08-17 13:52:29 INFO  PetSteps - starting pet update operaton
2026-08-17 13:52:32 INFO  PetSteps - The response code is :200
2026-08-17 13:52:32 INFO  PetSteps - The update response is:{"id":991234,"name":"HelloDoh","photoUrls":[],"tags":[],"status":"pending"}
2026-08-17 13:57:06 INFO  updatePetStepDefinition - updating the pet steps executing using ID
2026-08-17 13:57:06 INFO  deletePetStepDefinition - The pet object is:991234
2026-08-17 13:57:06 INFO  PetSteps - starting pet update operaton
2026-08-17 13:57:09 INFO  PetSteps - The response code is :200
2026-08-17 13:57:09 INFO  PetSteps - The update response is:{"id":991234,"name":"HelloDoh","photoUrls":[],"tags":[],"status":"pending"}
2026-08-17 14:01:26 INFO  updatePetStepDefinition - updating the pet steps executing using ID
2026-08-17 14:01:26 INFO  deletePetStepDefinition - The pet object is:991234
2026-08-17 14:01:26 INFO  PetSteps - starting pet update operaton
2026-08-17 14:01:28 INFO  PetSteps - The response code is :200
2026-08-17 14:01:28 INFO  PetSteps - The update response is:{"id":991234,"name":"HelloDoh","photoUrls":[],"tags":[],"status":"pending"}
2026-08-17 14:05:27 INFO  updatePetStepDefinition - updating the pet steps executing using ID
2026-08-17 14:05:27 INFO  deletePetStepDefinition - The pet object is:9754624
2026-08-17 14:05:27 INFO  PetSteps - starting pet update operaton
2026-08-17 14:05:30 INFO  PetSteps - The response code is :200
2026-08-17 14:05:30 INFO  PetSteps - The update response is:{"id":9754624,"name":"HelloDoh","photoUrls":[],"tags":[],"status":"pending"}
2026-08-17 20:58:41 INFO  updatePetStepDefinition - updating the pet steps executing using ID
2026-08-17 20:58:41 INFO  deletePetStepDefinition - The pet object is:9754624
2026-08-17 20:58:41 INFO  PetSteps - starting pet update operaton
2026-08-17 20:58:44 INFO  PetSteps - The response code is :200
2026-08-17 20:58:44 INFO  PetSteps - The update response is:{"id":9754624,"name":"HelloDoh","photoUrls":[],"tags":[],"status":"pending"}
2026-08-17 21:09:43 INFO  deletePetStepDefinition - updating the pet steps executing using ID
2026-08-17 21:09:43 INFO  deletePetStepDefinition - The pet object is:9754624
2026-08-18 01:24:48 INFO  PetSteps - starting pet update operaton
2026-08-18 01:24:49 INFO  PetSteps - The response code is :200
2026-08-18 01:24:49 INFO  PetSteps - The update response is:{"id":494387,"category":{"id":1,"name":"Dogs"},"name":"Rex-494387","photoUrls":["https://example.com/photo.jpg"],"tags":[{"id":1,"name":"friendly"}],"status":"available"}
2026-08-18 01:29:06 INFO  PetSteps - starting pet update operaton
2026-08-18 01:29:07 INFO  PetSteps - The response code is :200
2026-08-18 01:29:07 INFO  PetSteps - The update response is:{"id":134924,"category":{"id":1,"name":"AIDogs"},"name":"Rex-134924","photoUrls":["https://example.com/photo.jpg"],"tags":[{"id":1,"name":"AIfriendly"}],"status":"available"}
2026-08-18 01:38:58 INFO  updatePetStepDefinition - The pet object is:732834
2026-08-18 01:38:58 INFO  updatePetStepDefinition - Within Update block The pet object is:732834
2026-08-18 01:38:58 INFO  PetSteps - starting pet update operaton
2026-08-18 01:38:59 INFO  PetSteps - The response code is :200
2026-08-18 01:38:59 INFO  PetSteps - The update response is:{"id":732834,"category":{"id":1,"name":"AIDogs"},"name":"Rex-732834","photoUrls":["https://example.com/photo.jpg"],"tags":[{"id":1,"name":"AIfriendly"}],"status":"available"}
2026-08-18 02:17:31 INFO  updatePetStepDefinition - The pet object is:423548
2026-08-18 02:17:31 INFO  updatePetStepDefinition - updating the pet steps executing using ID
2026-08-18 02:17:31 INFO  updatePetStepDefinition - Pet id from feature123456
2026-08-18 02:17:31 INFO  updatePetStepDefinition - Within Update block The pet object is:123456
2026-08-18 02:17:31 INFO  PetSteps - starting pet update operaton
2026-08-18 02:17:32 INFO  PetSteps - The response code is :200
2026-08-18 02:17:32 INFO  PetSteps - The update response is:{"id":123456,"name":"HelloAI","photoUrls":[],"tags":[],"status":"pending"}
2026-08-18 02:25:33 INFO  updatePetStepDefinition - The pet object is:485802
2026-08-18 02:25:33 INFO  updatePetStepDefinition - updating the pet steps executing using ID
2026-08-18 02:25:33 INFO  updatePetStepDefinition - Pet id from feature485802
2026-08-18 02:25:33 INFO  updatePetStepDefinition - Within Update block The pet object is:485802
2026-08-18 02:25:33 INFO  PetSteps - starting pet update operaton
2026-08-18 02:25:34 INFO  PetSteps - The response code is :200
2026-08-18 02:25:34 INFO  PetSteps - The update response is:{"id":485802,"name":"HelloPAL","photoUrls":[],"tags":[],"status":"pending"}
2026-08-18 02:31:09 INFO  updatePetStepDefinition - The pet object is:161594
2026-08-18 02:31:09 INFO  updatePetStepDefinition - updating the pet steps executing using ID
2026-08-18 02:31:09 INFO  updatePetStepDefinition - Pet id from feature161594
2026-08-18 02:31:09 INFO  updatePetStepDefinition - Within Update block The pet object is:161594
2026-08-18 02:31:09 INFO  PetSteps - starting pet update operaton
2026-08-18 02:31:10 INFO  PetSteps - The response code is :200
2026-08-18 02:31:10 INFO  PetSteps - The update response is:{"id":161594,"name":"HelloPAL","photoUrls":[],"tags":[],"status":"pending"}
2026-08-18 02:31:11 INFO  updatePetStepDefinition - The actual name is :HelloPAL
2026-08-18 02:31:11 INFO  updatePetStepDefinition - The submitted name isHelloPAL
2026-08-18 10:30:27 INFO  updatePetStepDefinition - The pet object is:992780
2026-08-18 10:30:27 INFO  updatePetStepDefinition - updating the pet steps executing using ID
2026-08-18 10:30:27 INFO  updatePetStepDefinition - Pet id from feature992780
2026-08-18 10:30:27 INFO  updatePetStepDefinition - Within Update block The pet object is:992780
2026-08-18 10:30:27 INFO  PetSteps - starting pet update operaton
2026-08-18 10:30:29 INFO  PetSteps - The response code is :200
2026-08-18 10:30:29 INFO  PetSteps - The update response is:{"id":992780,"name":"Hellobuggers","photoUrls":[],"tags":[],"status":"pending"}
2026-08-18 10:30:29 INFO  updatePetStepDefinition - The actual name is :Hellobuggers
2026-08-18 10:30:29 INFO  updatePetStepDefinition - The submitted name isHellobuggers
2026-08-18 12:10:21 INFO  updatePetStepDefinition - The pet object is:707908
2026-08-18 12:10:21 INFO  updatePetStepDefinition - updating the pet steps executing using ID
2026-08-18 12:10:21 INFO  updatePetStepDefinition - Pet id from feature707908
2026-08-18 12:10:21 INFO  updatePetStepDefinition - Within Update block The pet object is:707908
2026-08-18 12:10:21 INFO  PetSteps - starting pet update operaton
2026-08-18 12:10:22 INFO  PetSteps - The response code is :200
2026-08-18 12:10:22 INFO  PetSteps - The update response is:{"id":707908,"name":"Altitian","photoUrls":[],"tags":[],"status":"pending"}
2026-08-18 12:10:23 INFO  updatePetStepDefinition - The actual name is :Altitian
2026-08-18 12:10:23 INFO  updatePetStepDefinition - The submitted name isAltitian
